Archive member included to satisfy reference by file (symbol)

/usr/lib/gcc/avr/7.3.0/../../../../avr/lib/avr5/libm.a(addsf3.o)
                              obj/DPS310.o (__addsf3)
/usr/lib/gcc/avr/7.3.0/../../../../avr/lib/avr5/libm.a(addsf3x.o)
                              /usr/lib/gcc/avr/7.3.0/../../../../avr/lib/avr5/libm.a(addsf3.o) (__addsf3x)
/usr/lib/gcc/avr/7.3.0/../../../../avr/lib/avr5/libm.a(fixsfsi.o)
                              obj/DPS310.o (__fixsfsi)
/usr/lib/gcc/avr/7.3.0/../../../../avr/lib/avr5/libm.a(fixunssfsi.o)
                              /usr/lib/gcc/avr/7.3.0/../../../../avr/lib/avr5/libm.a(fixsfsi.o) (__fixunssfsi)
/usr/lib/gcc/avr/7.3.0/../../../../avr/lib/avr5/libm.a(floatsisf.o)
                              obj/DPS310.o (__floatunsisf)
/usr/lib/gcc/avr/7.3.0/../../../../avr/lib/avr5/libm.a(fp_inf.o)
                              /usr/lib/gcc/avr/7.3.0/../../../../avr/lib/avr5/libm.a(addsf3x.o) (__fp_inf)
/usr/lib/gcc/avr/7.3.0/../../../../avr/lib/avr5/libm.a(fp_nan.o)
                              /usr/lib/gcc/avr/7.3.0/../../../../avr/lib/avr5/libm.a(addsf3x.o) (__fp_nan)
/usr/lib/gcc/avr/7.3.0/../../../../avr/lib/avr5/libm.a(fp_pscA.o)
                              /usr/lib/gcc/avr/7.3.0/../../../../avr/lib/avr5/libm.a(addsf3x.o) (__fp_pscA)
/usr/lib/gcc/avr/7.3.0/../../../../avr/lib/avr5/libm.a(fp_pscB.o)
                              /usr/lib/gcc/avr/7.3.0/../../../../avr/lib/avr5/libm.a(addsf3x.o) (__fp_pscB)
/usr/lib/gcc/avr/7.3.0/../../../../avr/lib/avr5/libm.a(fp_round.o)
                              /usr/lib/gcc/avr/7.3.0/../../../../avr/lib/avr5/libm.a(addsf3.o) (__fp_round)
/usr/lib/gcc/avr/7.3.0/../../../../avr/lib/avr5/libm.a(fp_split3.o)
                              /usr/lib/gcc/avr/7.3.0/../../../../avr/lib/avr5/libm.a(addsf3x.o) (__fp_split3)
/usr/lib/gcc/avr/7.3.0/../../../../avr/lib/avr5/libm.a(fp_zero.o)
                              /usr/lib/gcc/avr/7.3.0/../../../../avr/lib/avr5/libm.a(addsf3x.o) (__fp_zero)
/usr/lib/gcc/avr/7.3.0/../../../../avr/lib/avr5/libm.a(mulsf3.o)
                              obj/DPS310.o (__mulsf3)
/usr/lib/gcc/avr/7.3.0/../../../../avr/lib/avr5/libm.a(mulsf3x.o)
                              /usr/lib/gcc/avr/7.3.0/../../../../avr/lib/avr5/libm.a(mulsf3.o) (__mulsf3x)
/usr/lib/gcc/avr/7.3.0/avr5/libgcc.a(_divmodsi4.o)
                              obj/DPS310.o (__divmodsi4)
/usr/lib/gcc/avr/7.3.0/avr5/libgcc.a(_negsi2.o)
                              /usr/lib/gcc/avr/7.3.0/avr5/libgcc.a(_divmodsi4.o) (__negsi2)
/usr/lib/gcc/avr/7.3.0/avr5/libgcc.a(_exit.o)
                              /usr/lib/gcc/avr/7.3.0/../../../../avr/lib/avr5/crtatmega328p.o (exit)
/usr/lib/gcc/avr/7.3.0/avr5/libgcc.a(_copy_data.o)
                              obj/main.o (__do_copy_data)
/usr/lib/gcc/avr/7.3.0/avr5/libgcc.a(_clear_bss.o)
                              obj/main.o (__do_clear_bss)
/usr/lib/gcc/avr/7.3.0/avr5/libgcc.a(_muluhisi3.o)
                              obj/DPS310.o (__muluhisi3)
/usr/lib/gcc/avr/7.3.0/avr5/libgcc.a(_udivmodsi4.o)
                              /usr/lib/gcc/avr/7.3.0/avr5/libgcc.a(_divmodsi4.o) (__udivmodsi4)
/usr/lib/gcc/avr/7.3.0/avr5/libgcc.a(_umulhisi3.o)
                              /usr/lib/gcc/avr/7.3.0/avr5/libgcc.a(_muluhisi3.o) (__umulhisi3)
/usr/lib/gcc/avr/7.3.0/../../../../avr/lib/avr5/libc.a(itoa_ncheck.o)
                              obj/grn_UART.o (__itoa_ncheck)
/usr/lib/gcc/avr/7.3.0/../../../../avr/lib/avr5/libc.a(utoa_ncheck.o)
                              obj/grn_UART.o (__utoa_ncheck)
/usr/lib/gcc/avr/7.3.0/../../../../avr/lib/avr5/libc.a(iob.o)
                              obj/main.o (__iob)
/usr/lib/gcc/avr/7.3.0/../../../../avr/lib/avr5/libc.a(printf.o)
                              obj/ili9341gfx.o (printf)
/usr/lib/gcc/avr/7.3.0/../../../../avr/lib/avr5/libc.a(puts.o)
                              obj/ili9341gfx.o (puts)
/usr/lib/gcc/avr/7.3.0/../../../../avr/lib/avr5/libc.a(vfprintf_std.o)
                              /usr/lib/gcc/avr/7.3.0/../../../../avr/lib/avr5/libc.a(printf.o) (vfprintf)
/usr/lib/gcc/avr/7.3.0/../../../../avr/lib/avr5/libc.a(strnlen_P.o)
                              /usr/lib/gcc/avr/7.3.0/../../../../avr/lib/avr5/libc.a(vfprintf_std.o) (strnlen_P)
/usr/lib/gcc/avr/7.3.0/../../../../avr/lib/avr5/libc.a(strnlen.o)
                              /usr/lib/gcc/avr/7.3.0/../../../../avr/lib/avr5/libc.a(vfprintf_std.o) (strnlen)
/usr/lib/gcc/avr/7.3.0/../../../../avr/lib/avr5/libc.a(strrev.o)
                              /usr/lib/gcc/avr/7.3.0/../../../../avr/lib/avr5/libc.a(utoa_ncheck.o) (strrev)
/usr/lib/gcc/avr/7.3.0/../../../../avr/lib/avr5/libc.a(fputc.o)
                              /usr/lib/gcc/avr/7.3.0/../../../../avr/lib/avr5/libc.a(vfprintf_std.o) (fputc)
/usr/lib/gcc/avr/7.3.0/../../../../avr/lib/avr5/libc.a(ultoa_invert.o)
                              /usr/lib/gcc/avr/7.3.0/../../../../avr/lib/avr5/libc.a(vfprintf_std.o) (__ultoa_invert)
/usr/lib/gcc/avr/7.3.0/avr5/libgcc.a(_prologue.o)
                              /usr/lib/gcc/avr/7.3.0/../../../../avr/lib/avr5/libc.a(printf.o) (__prologue_saves__)
/usr/lib/gcc/avr/7.3.0/avr5/libgcc.a(_epilogue.o)
                              /usr/lib/gcc/avr/7.3.0/../../../../avr/lib/avr5/libc.a(printf.o) (__epilogue_restores__)

Allocating common symbols
Common symbol       size              file

textbgcolour        0x2               obj/ili9341gfx.o
cursor_y            0x2               obj/ili9341gfx.o
iactualx            0x2               obj/ili9341gfx.o
iactualy            0x2               obj/ili9341gfx.o
vactualx            0x2               obj/ili9341gfx.o
isetx               0x2               obj/ili9341gfx.o
vsety               0x2               obj/ili9341gfx.o
xx                  0x2               obj/main.o
vsetx               0x2               obj/ili9341gfx.o
COLOR               0x2               obj/main.o
vactualy            0x2               obj/ili9341gfx.o
color               0x2               obj/main.o
yy                  0x2               obj/main.o
zell                0x2               obj/main.o
textcolour          0x2               obj/ili9341gfx.o
cursor_x            0x2               obj/ili9341gfx.o
textsize            0x1               obj/ili9341gfx.o
__iob               0x6               /usr/lib/gcc/avr/7.3.0/../../../../avr/lib/avr5/libc.a(iob.o)
isety               0x2               obj/ili9341gfx.o

Speicherkonfiguration

Name             Ursprung           Länge             Attribute
text             0x0000000000000000 0x0000000000020000 xr
data             0x0000000000800060 0x000000000000ffa0 rw !x
eeprom           0x0000000000810000 0x0000000000010000 rw !x
fuse             0x0000000000820000 0x0000000000000400 rw !x
lock             0x0000000000830000 0x0000000000000400 rw !x
signature        0x0000000000840000 0x0000000000000400 rw !x
user_signatures  0x0000000000850000 0x0000000000000400 rw !x
*default*        0x0000000000000000 0xffffffffffffffff

Linker script and memory map

Adresse des Abschnitts .data gesetzt auf 0x800100
LOAD /usr/lib/gcc/avr/7.3.0/../../../../avr/lib/avr5/crtatmega328p.o
LOAD obj/main.o
LOAD obj/ili9341.o
LOAD obj/ili9341gfx.o
LOAD obj/grn_UART.o
LOAD obj/grn_TWI.o
LOAD obj/DPS310.o
LOAD /usr/lib/gcc/avr/7.3.0/../../../../avr/lib/avr5/libm.a
START GROUP
LOAD /usr/lib/gcc/avr/7.3.0/avr5/libgcc.a
LOAD /usr/lib/gcc/avr/7.3.0/../../../../avr/lib/avr5/libm.a
LOAD /usr/lib/gcc/avr/7.3.0/../../../../avr/lib/avr5/libc.a
LOAD /usr/lib/gcc/avr/7.3.0/../../../../avr/lib/avr5/libatmega328p.a
END GROUP
                0x0000000000020000                __TEXT_REGION_LENGTH__ = DEFINED (__TEXT_REGION_LENGTH__)?__TEXT_REGION_LENGTH__:0x20000
                0x000000000000ffa0                __DATA_REGION_LENGTH__ = DEFINED (__DATA_REGION_LENGTH__)?__DATA_REGION_LENGTH__:0xffa0
                0x0000000000010000                __EEPROM_REGION_LENGTH__ = DEFINED (__EEPROM_REGION_LENGTH__)?__EEPROM_REGION_LENGTH__:0x10000
                0x0000000000000400                __FUSE_REGION_LENGTH__ = DEFINED (__FUSE_REGION_LENGTH__)?__FUSE_REGION_LENGTH__:0x400
                0x0000000000000400                __LOCK_REGION_LENGTH__ = DEFINED (__LOCK_REGION_LENGTH__)?__LOCK_REGION_LENGTH__:0x400
                0x0000000000000400                __SIGNATURE_REGION_LENGTH__ = DEFINED (__SIGNATURE_REGION_LENGTH__)?__SIGNATURE_REGION_LENGTH__:0x400
                0x0000000000000400                __USER_SIGNATURE_REGION_LENGTH__ = DEFINED (__USER_SIGNATURE_REGION_LENGTH__)?__USER_SIGNATURE_REGION_LENGTH__:0x400

.hash
 *(.hash)

.dynsym
 *(.dynsym)

.dynstr
 *(.dynstr)

.gnu.version
 *(.gnu.version)

.gnu.version_d
 *(.gnu.version_d)

.gnu.version_r
 *(.gnu.version_r)

.rel.init
 *(.rel.init)

.rela.init
 *(.rela.init)

.rel.text
 *(.rel.text)
 *(.rel.text.*)
 *(.rel.gnu.linkonce.t*)

.rela.text
 *(.rela.text)
 *(.rela.text.*)
 *(.rela.gnu.linkonce.t*)

.rel.fini
 *(.rel.fini)

.rela.fini
 *(.rela.fini)

.rel.rodata
 *(.rel.rodata)
 *(.rel.rodata.*)
 *(.rel.gnu.linkonce.r*)

.rela.rodata
 *(.rela.rodata)
 *(.rela.rodata.*)
 *(.rela.gnu.linkonce.r*)

.rel.data
 *(.rel.data)
 *(.rel.data.*)
 *(.rel.gnu.linkonce.d*)

.rela.data
 *(.rela.data)
 *(.rela.data.*)
 *(.rela.gnu.linkonce.d*)

.rel.ctors
 *(.rel.ctors)

.rela.ctors
 *(.rela.ctors)

.rel.dtors
 *(.rel.dtors)

.rela.dtors
 *(.rela.dtors)

.rel.got
 *(.rel.got)

.rela.got
 *(.rela.got)

.rel.bss
 *(.rel.bss)

.rela.bss
 *(.rela.bss)

.rel.plt
 *(.rel.plt)

.rela.plt
 *(.rela.plt)

.text           0x0000000000000000     0x4dda
 *(.vectors)
 .vectors       0x0000000000000000       0x68 /usr/lib/gcc/avr/7.3.0/../../../../avr/lib/avr5/crtatmega328p.o
                0x0000000000000000                __vectors
                0x0000000000000000                __vector_default
 *(.vectors)
 *(.progmem.gcc*)
                0x0000000000000068                . = ALIGN (0x2)
                0x0000000000000068                __trampolines_start = .
 *(.trampolines)
 .trampolines   0x0000000000000068        0x0 linker stubs
 *(.trampolines*)
                0x0000000000000068                __trampolines_end = .
 *libprintf_flt.a:*(.progmem.data)
 *libc.a:*(.progmem.data)
 *(.progmem.*)
 .progmem.data  0x0000000000000068     0x1f40 obj/main.o
                0x0000000000000068                bitmap
 .progmem.data  0x0000000000001fa8      0x4fb obj/ili9341gfx.o
                0x00000000000024a4                . = ALIGN (0x2)
 *fill*         0x00000000000024a3        0x1 
 *(.lowtext)
 *(.lowtext*)
                0x00000000000024a4                __ctors_start = .
 *(.ctors)
                0x00000000000024a4                __ctors_end = .
                0x00000000000024a4                __dtors_start = .
 *(.dtors)
                0x00000000000024a4                __dtors_end = .
 SORT_BY_NAME(*)(.ctors)
 SORT_BY_NAME(*)(.dtors)
 *(.init0)
 .init0         0x00000000000024a4        0x0 /usr/lib/gcc/avr/7.3.0/../../../../avr/lib/avr5/crtatmega328p.o
                0x00000000000024a4                __init
 *(.init0)
 *(.init1)
 *(.init1)
 *(.init2)
 .init2         0x00000000000024a4        0xc /usr/lib/gcc/avr/7.3.0/../../../../avr/lib/avr5/crtatmega328p.o
 *(.init2)
 *(.init3)
 *(.init3)
 *(.init4)
 .init4         0x00000000000024b0       0x16 /usr/lib/gcc/avr/7.3.0/avr5/libgcc.a(_copy_data.o)
                0x00000000000024b0                __do_copy_data
 .init4         0x00000000000024c6       0x10 /usr/lib/gcc/avr/7.3.0/avr5/libgcc.a(_clear_bss.o)
                0x00000000000024c6                __do_clear_bss
 *(.init4)
 *(.init5)
 *(.init5)
 *(.init6)
 *(.init6)
 *(.init7)
 *(.init7)
 *(.init8)
 *(.init8)
 *(.init9)
 .init9         0x00000000000024d6        0x8 /usr/lib/gcc/avr/7.3.0/../../../../avr/lib/avr5/crtatmega328p.o
 *(.init9)
 *(.text)
 .text          0x00000000000024de        0x4 /usr/lib/gcc/avr/7.3.0/../../../../avr/lib/avr5/crtatmega328p.o
                0x00000000000024de                __vector_22
                0x00000000000024de                __vector_1
                0x00000000000024de                __vector_24
                0x00000000000024de                __vector_12
                0x00000000000024de                __bad_interrupt
                0x00000000000024de                __vector_6
                0x00000000000024de                __vector_3
                0x00000000000024de                __vector_23
                0x00000000000024de                __vector_25
                0x00000000000024de                __vector_11
                0x00000000000024de                __vector_13
                0x00000000000024de                __vector_17
                0x00000000000024de                __vector_19
                0x00000000000024de                __vector_7
                0x00000000000024de                __vector_5
                0x00000000000024de                __vector_4
                0x00000000000024de                __vector_9
                0x00000000000024de                __vector_2
                0x00000000000024de                __vector_21
                0x00000000000024de                __vector_15
                0x00000000000024de                __vector_8
                0x00000000000024de                __vector_14
                0x00000000000024de                __vector_10
                0x00000000000024de                __vector_16
                0x00000000000024de                __vector_18
                0x00000000000024de                __vector_20
 .text          0x00000000000024e2        0x0 obj/main.o
 .text          0x00000000000024e2     0x10ac obj/ili9341.o
                0x00000000000024e2                ili9341_hard_init
                0x00000000000024ec                ili9341_spi_init
                0x0000000000002500                ili9341_spi_send
                0x000000000000250a                ili9341_writecommand8
                0x0000000000002520                ili9341_writedata8
                0x0000000000002534                ili9341_setaddress
                0x00000000000025a0                ili9341_hard_reset
                0x00000000000025de                ili9341_init
                0x0000000000002800                ili9341_pushcolour
                0x0000000000002812                ili9341_clear
                0x0000000000002886                ili9341_drawpixel
                0x00000000000028c8                ili9341_drawvline
                0x000000000000293a                ili9341_drawhline
                0x00000000000029ac                ili9341_fillrect
                0x0000000000002a6c                ili9341_setRotation
                0x0000000000002ac4                ili9341_drawCircle
                0x0000000000002c64                ili9341_drawCircleHelper
                0x0000000000002dee                ili9341_drawLine
                0x0000000000002f32                ili9341_drawFastVLine
                0x0000000000002f4e                ili9341_fillCircleHelper
                0x000000000000309e                ili9341_fillCircle
                0x00000000000030f2                ili9341_drawFastHLine
                0x000000000000310c                ili9341_drawRect
                0x0000000000003174                ili9341_fillRect
                0x00000000000031c0                ili9341_drawRoundRect
                0x00000000000032e0                ili9341_fillRoundRect
                0x000000000000337e                ili9341_drawBitmap
                0x000000000000348c                ili9341_drawXBitmap
 .text          0x000000000000358e      0x6a4 obj/ili9341gfx.o
                0x000000000000358e                backuplocationvset
                0x00000000000035b0                backuplocationvactual
                0x00000000000035d2                backuplocationiset
                0x00000000000035f4                backuplocationiactual
                0x0000000000003616                ili9341_drawchar
                0x000000000000377a                ili9341_setcursor
                0x000000000000378c                ili9341_settextcolour
                0x000000000000379e                ili9341_settextsize
                0x00000000000037ae                ili9341_write
                0x0000000000003836                ili9341_putchar_printf
                0x0000000000003840                display_init
 .text          0x0000000000003c32       0x9c obj/grn_UART.o
                0x0000000000003c32                uart_send_char
                0x0000000000003c40                uart_send_string
                0x0000000000003c58                uart_send_u8data
                0x0000000000003c94                uart_send_u16data
 .text          0x0000000000003cce       0x74 obj/grn_TWI.o
                0x0000000000003cce                TWIInit
                0x0000000000003ce6                TWIStart
                0x0000000000003cf6                TWIStop
                0x0000000000003cfe                TWIWrite
                0x0000000000003d12                TWIReadACK
                0x0000000000003d26                TWIReadNACK
                0x0000000000003d3a                TWIGetStatus
 .text          0x0000000000003d42      0x3ba obj/DPS310.o
                0x0000000000003d42                make_signed_16
                0x0000000000003d54                DPS310_read_8
                0x0000000000003db8                DPS310_write
                0x0000000000003e12                DPS310_init
                0x0000000000003ed6                DPS310_get_raw_temp
                0x0000000000003f40                calculate_temperature_pressure
                0x0000000000003fba                DPS310_get_raw_pres
                0x0000000000004024                DPS310_get_komp_temp
 .text          0x00000000000040fc        0x0 /usr/lib/gcc/avr/7.3.0/../../../../avr/lib/avr5/libm.a(addsf3.o)
 .text          0x00000000000040fc        0x0 /usr/lib/gcc/avr/7.3.0/../../../../avr/lib/avr5/libm.a(addsf3x.o)
 .text          0x00000000000040fc        0x0 /usr/lib/gcc/avr/7.3.0/../../../../avr/lib/avr5/libm.a(fixsfsi.o)
 .text          0x00000000000040fc        0x0 /usr/lib/gcc/avr/7.3.0/../../../../avr/lib/avr5/libm.a(fixunssfsi.o)
 .text          0x00000000000040fc        0x0 /usr/lib/gcc/avr/7.3.0/../../../../avr/lib/avr5/libm.a(floatsisf.o)
 .text          0x00000000000040fc        0x0 /usr/lib/gcc/avr/7.3.0/../../../../avr/lib/avr5/libm.a(fp_inf.o)
 .text          0x00000000000040fc        0x0 /usr/lib/gcc/avr/7.3.0/../../../../avr/lib/avr5/libm.a(fp_nan.o)
 .text          0x00000000000040fc        0x0 /usr/lib/gcc/avr/7.3.0/../../../../avr/lib/avr5/libm.a(fp_pscA.o)
 .text          0x00000000000040fc        0x0 /usr/lib/gcc/avr/7.3.0/../../../../avr/lib/avr5/libm.a(fp_pscB.o)
 .text          0x00000000000040fc        0x0 /usr/lib/gcc/avr/7.3.0/../../../../avr/lib/avr5/libm.a(fp_round.o)
 .text          0x00000000000040fc        0x0 /usr/lib/gcc/avr/7.3.0/../../../../avr/lib/avr5/libm.a(fp_split3.o)
 .text          0x00000000000040fc        0x0 /usr/lib/gcc/avr/7.3.0/../../../../avr/lib/avr5/libm.a(fp_zero.o)
 .text          0x00000000000040fc        0x0 /usr/lib/gcc/avr/7.3.0/../../../../avr/lib/avr5/libm.a(mulsf3.o)
 .text          0x00000000000040fc        0x0 /usr/lib/gcc/avr/7.3.0/../../../../avr/lib/avr5/libm.a(mulsf3x.o)
 .text          0x00000000000040fc        0x0 /usr/lib/gcc/avr/7.3.0/avr5/libgcc.a(_divmodsi4.o)
 .text          0x00000000000040fc        0x0 /usr/lib/gcc/avr/7.3.0/avr5/libgcc.a(_negsi2.o)
 .text          0x00000000000040fc        0x0 /usr/lib/gcc/avr/7.3.0/avr5/libgcc.a(_exit.o)
 .text          0x00000000000040fc        0x0 /usr/lib/gcc/avr/7.3.0/avr5/libgcc.a(_copy_data.o)
 .text          0x00000000000040fc        0x0 /usr/lib/gcc/avr/7.3.0/avr5/libgcc.a(_clear_bss.o)
 .text          0x00000000000040fc        0x0 /usr/lib/gcc/avr/7.3.0/avr5/libgcc.a(_muluhisi3.o)
 .text          0x00000000000040fc        0x0 /usr/lib/gcc/avr/7.3.0/avr5/libgcc.a(_udivmodsi4.o)
 .text          0x00000000000040fc        0x0 /usr/lib/gcc/avr/7.3.0/avr5/libgcc.a(_umulhisi3.o)
 .text          0x00000000000040fc        0x0 /usr/lib/gcc/avr/7.3.0/../../../../avr/lib/avr5/libc.a(itoa_ncheck.o)
 .text          0x00000000000040fc        0x0 /usr/lib/gcc/avr/7.3.0/../../../../avr/lib/avr5/libc.a(utoa_ncheck.o)
 .text          0x00000000000040fc        0x0 /usr/lib/gcc/avr/7.3.0/../../../../avr/lib/avr5/libc.a(iob.o)
 .text          0x00000000000040fc        0x0 /usr/lib/gcc/avr/7.3.0/../../../../avr/lib/avr5/libc.a(printf.o)
 .text          0x00000000000040fc        0x0 /usr/lib/gcc/avr/7.3.0/../../../../avr/lib/avr5/libc.a(puts.o)
 .text          0x00000000000040fc        0x0 /usr/lib/gcc/avr/7.3.0/../../../../avr/lib/avr5/libc.a(vfprintf_std.o)
 .text          0x00000000000040fc        0x0 /usr/lib/gcc/avr/7.3.0/../../../../avr/lib/avr5/libc.a(strnlen_P.o)
 .text          0x00000000000040fc        0x0 /usr/lib/gcc/avr/7.3.0/../../../../avr/lib/avr5/libc.a(strnlen.o)
 .text          0x00000000000040fc        0x0 /usr/lib/gcc/avr/7.3.0/../../../../avr/lib/avr5/libc.a(strrev.o)
 .text          0x00000000000040fc        0x0 /usr/lib/gcc/avr/7.3.0/../../../../avr/lib/avr5/libc.a(fputc.o)
 .text          0x00000000000040fc        0x0 /usr/lib/gcc/avr/7.3.0/../../../../avr/lib/avr5/libc.a(ultoa_invert.o)
 .text          0x00000000000040fc        0x0 /usr/lib/gcc/avr/7.3.0/avr5/libgcc.a(_prologue.o)
 .text          0x00000000000040fc        0x0 /usr/lib/gcc/avr/7.3.0/avr5/libgcc.a(_epilogue.o)
                0x00000000000040fc                . = ALIGN (0x2)
 *(.text.*)
 .text.startup  0x00000000000040fc      0x296 obj/main.o
                0x00000000000040fc                main
 .text.avr-libc.fplib
                0x0000000000004392        0xe /usr/lib/gcc/avr/7.3.0/../../../../avr/lib/avr5/libm.a(addsf3.o)
                0x0000000000004392                __subsf3
                0x0000000000004394                __addsf3
 .text.avr-libc.fplib
                0x00000000000043a0       0xcc /usr/lib/gcc/avr/7.3.0/../../../../avr/lib/avr5/libm.a(addsf3x.o)
                0x00000000000043c2                __addsf3x
 .text.avr-libc.fplib
                0x000000000000446c        0xe /usr/lib/gcc/avr/7.3.0/../../../../avr/lib/avr5/libm.a(fixsfsi.o)
                0x000000000000446c                __fixsfsi
 .text.avr-libc.fplib
                0x000000000000447a       0x5e /usr/lib/gcc/avr/7.3.0/../../../../avr/lib/avr5/libm.a(fixunssfsi.o)
                0x000000000000447a                __fixunssfsi
 .text.avr-libc.fplib
                0x00000000000044d8       0x7a /usr/lib/gcc/avr/7.3.0/../../../../avr/lib/avr5/libm.a(floatsisf.o)
                0x00000000000044d8                __floatunsisf
                0x00000000000044dc                __floatsisf
 .text.avr-libc.fplib
                0x0000000000004552        0xc /usr/lib/gcc/avr/7.3.0/../../../../avr/lib/avr5/libm.a(fp_inf.o)
                0x0000000000004552                __fp_inf
 .text.avr-libc.fplib
                0x000000000000455e        0x6 /usr/lib/gcc/avr/7.3.0/../../../../avr/lib/avr5/libm.a(fp_nan.o)
                0x000000000000455e                __fp_nan
 .text.avr-libc.fplib
                0x0000000000004564        0xe /usr/lib/gcc/avr/7.3.0/../../../../avr/lib/avr5/libm.a(fp_pscA.o)
                0x0000000000004564                __fp_pscA
 .text.avr-libc.fplib
                0x0000000000004572        0xe /usr/lib/gcc/avr/7.3.0/../../../../avr/lib/avr5/libm.a(fp_pscB.o)
                0x0000000000004572                __fp_pscB
 .text.avr-libc.fplib
                0x0000000000004580       0x22 /usr/lib/gcc/avr/7.3.0/../../../../avr/lib/avr5/libm.a(fp_round.o)
                0x0000000000004580                __fp_round
 .text.avr-libc.fplib
                0x00000000000045a2       0x44 /usr/lib/gcc/avr/7.3.0/../../../../avr/lib/avr5/libm.a(fp_split3.o)
                0x00000000000045a2                __fp_split3
                0x00000000000045b2                __fp_splitA
 .text.avr-libc.fplib
                0x00000000000045e6        0xe /usr/lib/gcc/avr/7.3.0/../../../../avr/lib/avr5/libm.a(fp_zero.o)
                0x00000000000045e6                __fp_zero
                0x00000000000045e8                __fp_szero
 .text.avr-libc.fplib
                0x00000000000045f4        0x8 /usr/lib/gcc/avr/7.3.0/../../../../avr/lib/avr5/libm.a(mulsf3.o)
                0x00000000000045f4                __mulsf3
 .text.avr-libc.fplib
                0x00000000000045fc       0xd2 /usr/lib/gcc/avr/7.3.0/../../../../avr/lib/avr5/libm.a(mulsf3x.o)
                0x000000000000461a                __mulsf3x
                0x0000000000004620                __mulsf3_pse
 .text.libgcc.mul
                0x00000000000046ce        0x0 /usr/lib/gcc/avr/7.3.0/avr5/libgcc.a(_divmodsi4.o)
 .text.libgcc.div
                0x00000000000046ce       0x2e /usr/lib/gcc/avr/7.3.0/avr5/libgcc.a(_divmodsi4.o)
                0x00000000000046ce                __divmodsi4
 .text.libgcc   0x00000000000046fc        0x0 /usr/lib/gcc/avr/7.3.0/avr5/libgcc.a(_divmodsi4.o)
 .text.libgcc.prologue
                0x00000000000046fc        0x0 /usr/lib/gcc/avr/7.3.0/avr5/libgcc.a(_divmodsi4.o)
 .text.libgcc.builtins
                0x00000000000046fc        0x0 /usr/lib/gcc/avr/7.3.0/avr5/libgcc.a(_divmodsi4.o)
 .text.libgcc.fmul
                0x00000000000046fc        0x0 /usr/lib/gcc/avr/7.3.0/avr5/libgcc.a(_divmodsi4.o)
 .text.libgcc.fixed
                0x00000000000046fc        0x0 /usr/lib/gcc/avr/7.3.0/avr5/libgcc.a(_divmodsi4.o)
 .text.libgcc.mul
                0x00000000000046fc        0x0 /usr/lib/gcc/avr/7.3.0/avr5/libgcc.a(_negsi2.o)
 .text.libgcc.div
                0x00000000000046fc       0x10 /usr/lib/gcc/avr/7.3.0/avr5/libgcc.a(_negsi2.o)
                0x00000000000046fc                __negsi2
 .text.libgcc   0x000000000000470c        0x0 /usr/lib/gcc/avr/7.3.0/avr5/libgcc.a(_negsi2.o)
 .text.libgcc.prologue
                0x000000000000470c        0x0 /usr/lib/gcc/avr/7.3.0/avr5/libgcc.a(_negsi2.o)
 .text.libgcc.builtins
                0x000000000000470c        0x0 /usr/lib/gcc/avr/7.3.0/avr5/libgcc.a(_negsi2.o)
 .text.libgcc.fmul
                0x000000000000470c        0x0 /usr/lib/gcc/avr/7.3.0/avr5/libgcc.a(_negsi2.o)
 .text.libgcc.fixed
                0x000000000000470c        0x0 /usr/lib/gcc/avr/7.3.0/avr5/libgcc.a(_negsi2.o)
 .text.libgcc.mul
                0x000000000000470c        0x0 /usr/lib/gcc/avr/7.3.0/avr5/libgcc.a(_exit.o)
 .text.libgcc.div
                0x000000000000470c        0x0 /usr/lib/gcc/avr/7.3.0/avr5/libgcc.a(_exit.o)
 .text.libgcc   0x000000000000470c        0x0 /usr/lib/gcc/avr/7.3.0/avr5/libgcc.a(_exit.o)
 .text.libgcc.prologue
                0x000000000000470c        0x0 /usr/lib/gcc/avr/7.3.0/avr5/libgcc.a(_exit.o)
 .text.libgcc.builtins
                0x000000000000470c        0x0 /usr/lib/gcc/avr/7.3.0/avr5/libgcc.a(_exit.o)
 .text.libgcc.fmul
                0x000000000000470c        0x0 /usr/lib/gcc/avr/7.3.0/avr5/libgcc.a(_exit.o)
 .text.libgcc.fixed
                0x000000000000470c        0x0 /usr/lib/gcc/avr/7.3.0/avr5/libgcc.a(_exit.o)
 .text.libgcc.mul
                0x000000000000470c        0x0 /usr/lib/gcc/avr/7.3.0/avr5/libgcc.a(_copy_data.o)
 .text.libgcc.div
                0x000000000000470c        0x0 /usr/lib/gcc/avr/7.3.0/avr5/libgcc.a(_copy_data.o)
 .text.libgcc   0x000000000000470c        0x0 /usr/lib/gcc/avr/7.3.0/avr5/libgcc.a(_copy_data.o)
 .text.libgcc.prologue
                0x000000000000470c        0x0 /usr/lib/gcc/avr/7.3.0/avr5/libgcc.a(_copy_data.o)
 .text.libgcc.builtins
                0x000000000000470c        0x0 /usr/lib/gcc/avr/7.3.0/avr5/libgcc.a(_copy_data.o)
 .text.libgcc.fmul
                0x000000000000470c        0x0 /usr/lib/gcc/avr/7.3.0/avr5/libgcc.a(_copy_data.o)
 .text.libgcc.fixed
                0x000000000000470c        0x0 /usr/lib/gcc/avr/7.3.0/avr5/libgcc.a(_copy_data.o)
 .text.libgcc.mul
                0x000000000000470c        0x0 /usr/lib/gcc/avr/7.3.0/avr5/libgcc.a(_clear_bss.o)
 .text.libgcc.div
                0x000000000000470c        0x0 /usr/lib/gcc/avr/7.3.0/avr5/libgcc.a(_clear_bss.o)
 .text.libgcc   0x000000000000470c        0x0 /usr/lib/gcc/avr/7.3.0/avr5/libgcc.a(_clear_bss.o)
 .text.libgcc.prologue
                0x000000000000470c        0x0 /usr/lib/gcc/avr/7.3.0/avr5/libgcc.a(_clear_bss.o)
 .text.libgcc.builtins
                0x000000000000470c        0x0 /usr/lib/gcc/avr/7.3.0/avr5/libgcc.a(_clear_bss.o)
 .text.libgcc.fmul
                0x000000000000470c        0x0 /usr/lib/gcc/avr/7.3.0/avr5/libgcc.a(_clear_bss.o)
 .text.libgcc.fixed
                0x000000000000470c        0x0 /usr/lib/gcc/avr/7.3.0/avr5/libgcc.a(_clear_bss.o)
 .text.libgcc.mul
                0x000000000000470c       0x16 /usr/lib/gcc/avr/7.3.0/avr5/libgcc.a(_muluhisi3.o)
                0x000000000000470c                __muluhisi3
 .text.libgcc.div
                0x0000000000004722        0x0 /usr/lib/gcc/avr/7.3.0/avr5/libgcc.a(_muluhisi3.o)
 .text.libgcc   0x0000000000004722        0x0 /usr/lib/gcc/avr/7.3.0/avr5/libgcc.a(_muluhisi3.o)
 .text.libgcc.prologue
                0x0000000000004722        0x0 /usr/lib/gcc/avr/7.3.0/avr5/libgcc.a(_muluhisi3.o)
 .text.libgcc.builtins
                0x0000000000004722        0x0 /usr/lib/gcc/avr/7.3.0/avr5/libgcc.a(_muluhisi3.o)
 .text.libgcc.fmul
                0x0000000000004722        0x0 /usr/lib/gcc/avr/7.3.0/avr5/libgcc.a(_muluhisi3.o)
 .text.libgcc.fixed
                0x0000000000004722        0x0 /usr/lib/gcc/avr/7.3.0/avr5/libgcc.a(_muluhisi3.o)
 .text.libgcc.mul
                0x0000000000004722        0x0 /usr/lib/gcc/avr/7.3.0/avr5/libgcc.a(_udivmodsi4.o)
 .text.libgcc.div
                0x0000000000004722       0x44 /usr/lib/gcc/avr/7.3.0/avr5/libgcc.a(_udivmodsi4.o)
                0x0000000000004722                __udivmodsi4
 .text.libgcc   0x0000000000004766        0x0 /usr/lib/gcc/avr/7.3.0/avr5/libgcc.a(_udivmodsi4.o)
 .text.libgcc.prologue
                0x0000000000004766        0x0 /usr/lib/gcc/avr/7.3.0/avr5/libgcc.a(_udivmodsi4.o)
 .text.libgcc.builtins
                0x0000000000004766        0x0 /usr/lib/gcc/avr/7.3.0/avr5/libgcc.a(_udivmodsi4.o)
 .text.libgcc.fmul
                0x0000000000004766        0x0 /usr/lib/gcc/avr/7.3.0/avr5/libgcc.a(_udivmodsi4.o)
 .text.libgcc.fixed
                0x0000000000004766        0x0 /usr/lib/gcc/avr/7.3.0/avr5/libgcc.a(_udivmodsi4.o)
 .text.libgcc.mul
                0x0000000000004766       0x1e /usr/lib/gcc/avr/7.3.0/avr5/libgcc.a(_umulhisi3.o)
                0x0000000000004766                __umulhisi3
 .text.libgcc.div
                0x0000000000004784        0x0 /usr/lib/gcc/avr/7.3.0/avr5/libgcc.a(_umulhisi3.o)
 .text.libgcc   0x0000000000004784        0x0 /usr/lib/gcc/avr/7.3.0/avr5/libgcc.a(_umulhisi3.o)
 .text.libgcc.prologue
                0x0000000000004784        0x0 /usr/lib/gcc/avr/7.3.0/avr5/libgcc.a(_umulhisi3.o)
 .text.libgcc.builtins
                0x0000000000004784        0x0 /usr/lib/gcc/avr/7.3.0/avr5/libgcc.a(_umulhisi3.o)
 .text.libgcc.fmul
                0x0000000000004784        0x0 /usr/lib/gcc/avr/7.3.0/avr5/libgcc.a(_umulhisi3.o)
 .text.libgcc.fixed
                0x0000000000004784        0x0 /usr/lib/gcc/avr/7.3.0/avr5/libgcc.a(_umulhisi3.o)
 .text.avr-libc
                0x0000000000004784       0x16 /usr/lib/gcc/avr/7.3.0/../../../../avr/lib/avr5/libc.a(itoa_ncheck.o)
                0x0000000000004784                __itoa_ncheck
 .text.avr-libc
                0x000000000000479a       0x34 /usr/lib/gcc/avr/7.3.0/../../../../avr/lib/avr5/libc.a(utoa_ncheck.o)
                0x000000000000479a                __utoa_ncheck
                0x000000000000479c                __utoa_common
 .text.avr-libc
                0x00000000000047ce       0x2c /usr/lib/gcc/avr/7.3.0/../../../../avr/lib/avr5/libc.a(printf.o)
                0x00000000000047ce                printf
 .text.avr-libc
                0x00000000000047fa       0x60 /usr/lib/gcc/avr/7.3.0/../../../../avr/lib/avr5/libc.a(puts.o)
                0x00000000000047fa                puts
 .text.avr-libc
                0x000000000000485a      0x3a6 /usr/lib/gcc/avr/7.3.0/../../../../avr/lib/avr5/libc.a(vfprintf_std.o)
                0x000000000000485a                vfprintf
 .text.avr-libc
                0x0000000000004c00       0x16 /usr/lib/gcc/avr/7.3.0/../../../../avr/lib/avr5/libc.a(strnlen_P.o)
                0x0000000000004c00                strnlen_P
 .text.avr-libc
                0x0000000000004c16       0x16 /usr/lib/gcc/avr/7.3.0/../../../../avr/lib/avr5/libc.a(strnlen.o)
                0x0000000000004c16                strnlen
 .text.avr-libc
                0x0000000000004c2c       0x20 /usr/lib/gcc/avr/7.3.0/../../../../avr/lib/avr5/libc.a(strrev.o)
                0x0000000000004c2c                strrev
 .text.avr-libc
                0x0000000000004c4c       0x60 /usr/lib/gcc/avr/7.3.0/../../../../avr/lib/avr5/libc.a(fputc.o)
                0x0000000000004c4c                fputc
 .text.avr-libc
                0x0000000000004cac       0xbc /usr/lib/gcc/avr/7.3.0/../../../../avr/lib/avr5/libc.a(ultoa_invert.o)
                0x0000000000004cac                __ultoa_invert
 .text.libgcc.mul
                0x0000000000004d68        0x0 /usr/lib/gcc/avr/7.3.0/avr5/libgcc.a(_prologue.o)
 .text.libgcc.div
                0x0000000000004d68        0x0 /usr/lib/gcc/avr/7.3.0/avr5/libgcc.a(_prologue.o)
 .text.libgcc   0x0000000000004d68        0x0 /usr/lib/gcc/avr/7.3.0/avr5/libgcc.a(_prologue.o)
 .text.libgcc.prologue
                0x0000000000004d68       0x38 /usr/lib/gcc/avr/7.3.0/avr5/libgcc.a(_prologue.o)
                0x0000000000004d68                __prologue_saves__
 .text.libgcc.builtins
                0x0000000000004da0        0x0 /usr/lib/gcc/avr/7.3.0/avr5/libgcc.a(_prologue.o)
 .text.libgcc.fmul
                0x0000000000004da0        0x0 /usr/lib/gcc/avr/7.3.0/avr5/libgcc.a(_prologue.o)
 .text.libgcc.fixed
                0x0000000000004da0        0x0 /usr/lib/gcc/avr/7.3.0/avr5/libgcc.a(_prologue.o)
 .text.libgcc.mul
                0x0000000000004da0        0x0 /usr/lib/gcc/avr/7.3.0/avr5/libgcc.a(_epilogue.o)
 .text.libgcc.div
                0x0000000000004da0        0x0 /usr/lib/gcc/avr/7.3.0/avr5/libgcc.a(_epilogue.o)
 .text.libgcc   0x0000000000004da0        0x0 /usr/lib/gcc/avr/7.3.0/avr5/libgcc.a(_epilogue.o)
 .text.libgcc.prologue
                0x0000000000004da0       0x36 /usr/lib/gcc/avr/7.3.0/avr5/libgcc.a(_epilogue.o)
                0x0000000000004da0                __epilogue_restores__
 .text.libgcc.builtins
                0x0000000000004dd6        0x0 /usr/lib/gcc/avr/7.3.0/avr5/libgcc.a(_epilogue.o)
 .text.libgcc.fmul
                0x0000000000004dd6        0x0 /usr/lib/gcc/avr/7.3.0/avr5/libgcc.a(_epilogue.o)
 .text.libgcc.fixed
                0x0000000000004dd6        0x0 /usr/lib/gcc/avr/7.3.0/avr5/libgcc.a(_epilogue.o)
                0x0000000000004dd6                . = ALIGN (0x2)
 *(.fini9)
 .fini9         0x0000000000004dd6        0x0 /usr/lib/gcc/avr/7.3.0/avr5/libgcc.a(_exit.o)
                0x0000000000004dd6                exit
                0x0000000000004dd6                _exit
 *(.fini9)
 *(.fini8)
 *(.fini8)
 *(.fini7)
 *(.fini7)
 *(.fini6)
 *(.fini6)
 *(.fini5)
 *(.fini5)
 *(.fini4)
 *(.fini4)
 *(.fini3)
 *(.fini3)
 *(.fini2)
 *(.fini2)
 *(.fini1)
 *(.fini1)
 *(.fini0)
 .fini0         0x0000000000004dd6        0x4 /usr/lib/gcc/avr/7.3.0/avr5/libgcc.a(_exit.o)
 *(.fini0)
 *(.hightext)
 *(.hightext*)
 *(.progmemx.*)
                0x0000000000004dda                . = ALIGN (0x2)
 *(.jumptables)
 *(.jumptables*)
                0x0000000000004dda                _etext = .

.data           0x0000000000800100       0x64 load address 0x0000000000004dda
                0x0000000000800100                PROVIDE (__data_start = .)
 *(.data)
 .data          0x0000000000800100        0x0 /usr/lib/gcc/avr/7.3.0/../../../../avr/lib/avr5/crtatmega328p.o
 .data          0x0000000000800100        0xe obj/main.o
 .data          0x000000000080010e        0x8 obj/ili9341.o
                0x000000000080010e                _height
                0x0000000000800110                _width
                0x0000000000800112                LCD_H
                0x0000000000800114                LCD_W
 .data          0x0000000000800116        0xe obj/ili9341gfx.o
 .data          0x0000000000800124        0x0 obj/grn_UART.o
 .data          0x0000000000800124        0x0 obj/grn_TWI.o
 .data          0x0000000000800124        0x0 obj/DPS310.o
 .data          0x0000000000800124        0x0 /usr/lib/gcc/avr/7.3.0/../../../../avr/lib/avr5/libm.a(addsf3.o)
 .data          0x0000000000800124        0x0 /usr/lib/gcc/avr/7.3.0/../../../../avr/lib/avr5/libm.a(addsf3x.o)
 .data          0x0000000000800124        0x0 /usr/lib/gcc/avr/7.3.0/../../../../avr/lib/avr5/libm.a(fixsfsi.o)
 .data          0x0000000000800124        0x0 /usr/lib/gcc/avr/7.3.0/../../../../avr/lib/avr5/libm.a(fixunssfsi.o)
 .data          0x0000000000800124        0x0 /usr/lib/gcc/avr/7.3.0/../../../../avr/lib/avr5/libm.a(floatsisf.o)
 .data          0x0000000000800124        0x0 /usr/lib/gcc/avr/7.3.0/../../../../avr/lib/avr5/libm.a(fp_inf.o)
 .data          0x0000000000800124        0x0 /usr/lib/gcc/avr/7.3.0/../../../../avr/lib/avr5/libm.a(fp_nan.o)
 .data          0x0000000000800124        0x0 /usr/lib/gcc/avr/7.3.0/../../../../avr/lib/avr5/libm.a(fp_pscA.o)
 .data          0x0000000000800124        0x0 /usr/lib/gcc/avr/7.3.0/../../../../avr/lib/avr5/libm.a(fp_pscB.o)
 .data          0x0000000000800124        0x0 /usr/lib/gcc/avr/7.3.0/../../../../avr/lib/avr5/libm.a(fp_round.o)
 .data          0x0000000000800124        0x0 /usr/lib/gcc/avr/7.3.0/../../../../avr/lib/avr5/libm.a(fp_split3.o)
 .data          0x0000000000800124        0x0 /usr/lib/gcc/avr/7.3.0/../../../../avr/lib/avr5/libm.a(fp_zero.o)
 .data          0x0000000000800124        0x0 /usr/lib/gcc/avr/7.3.0/../../../../avr/lib/avr5/libm.a(mulsf3.o)
 .data          0x0000000000800124        0x0 /usr/lib/gcc/avr/7.3.0/../../../../avr/lib/avr5/libm.a(mulsf3x.o)
 .data          0x0000000000800124        0x0 /usr/lib/gcc/avr/7.3.0/avr5/libgcc.a(_divmodsi4.o)
 .data          0x0000000000800124        0x0 /usr/lib/gcc/avr/7.3.0/avr5/libgcc.a(_negsi2.o)
 .data          0x0000000000800124        0x0 /usr/lib/gcc/avr/7.3.0/avr5/libgcc.a(_exit.o)
 .data          0x0000000000800124        0x0 /usr/lib/gcc/avr/7.3.0/avr5/libgcc.a(_copy_data.o)
 .data          0x0000000000800124        0x0 /usr/lib/gcc/avr/7.3.0/avr5/libgcc.a(_clear_bss.o)
 .data          0x0000000000800124        0x0 /usr/lib/gcc/avr/7.3.0/avr5/libgcc.a(_muluhisi3.o)
 .data          0x0000000000800124        0x0 /usr/lib/gcc/avr/7.3.0/avr5/libgcc.a(_udivmodsi4.o)
 .data          0x0000000000800124        0x0 /usr/lib/gcc/avr/7.3.0/avr5/libgcc.a(_umulhisi3.o)
 .data          0x0000000000800124        0x0 /usr/lib/gcc/avr/7.3.0/../../../../avr/lib/avr5/libc.a(itoa_ncheck.o)
 .data          0x0000000000800124        0x0 /usr/lib/gcc/avr/7.3.0/../../../../avr/lib/avr5/libc.a(utoa_ncheck.o)
 .data          0x0000000000800124        0x0 /usr/lib/gcc/avr/7.3.0/../../../../avr/lib/avr5/libc.a(iob.o)
 .data          0x0000000000800124        0x0 /usr/lib/gcc/avr/7.3.0/../../../../avr/lib/avr5/libc.a(printf.o)
 .data          0x0000000000800124        0x0 /usr/lib/gcc/avr/7.3.0/../../../../avr/lib/avr5/libc.a(puts.o)
 .data          0x0000000000800124        0x0 /usr/lib/gcc/avr/7.3.0/../../../../avr/lib/avr5/libc.a(vfprintf_std.o)
 .data          0x0000000000800124        0x0 /usr/lib/gcc/avr/7.3.0/../../../../avr/lib/avr5/libc.a(strnlen_P.o)
 .data          0x0000000000800124        0x0 /usr/lib/gcc/avr/7.3.0/../../../../avr/lib/avr5/libc.a(strnlen.o)
 .data          0x0000000000800124        0x0 /usr/lib/gcc/avr/7.3.0/../../../../avr/lib/avr5/libc.a(strrev.o)
 .data          0x0000000000800124        0x0 /usr/lib/gcc/avr/7.3.0/../../../../avr/lib/avr5/libc.a(fputc.o)
 .data          0x0000000000800124        0x0 /usr/lib/gcc/avr/7.3.0/../../../../avr/lib/avr5/libc.a(ultoa_invert.o)
 .data          0x0000000000800124        0x0 /usr/lib/gcc/avr/7.3.0/avr5/libgcc.a(_prologue.o)
 .data          0x0000000000800124        0x0 /usr/lib/gcc/avr/7.3.0/avr5/libgcc.a(_epilogue.o)
 *(.data*)
 *(.gnu.linkonce.d*)
 *(.rodata)
 *(.rodata*)
 .rodata.str1.1
                0x0000000000800124       0x40 obj/ili9341gfx.o
 *(.gnu.linkonce.r*)
                0x0000000000800164                . = ALIGN (0x2)
                0x0000000000800164                _edata = .
                0x0000000000800164                PROVIDE (__data_end = .)

.bss            0x0000000000800164       0x2d
                0x0000000000800164                PROVIDE (__bss_start = .)
 *(.bss)
 .bss           0x0000000000800164        0x0 /usr/lib/gcc/avr/7.3.0/../../../../avr/lib/avr5/crtatmega328p.o
 .bss           0x0000000000800164        0x0 obj/main.o
 .bss           0x0000000000800164        0x0 obj/ili9341.o
 .bss           0x0000000000800164        0x0 obj/ili9341gfx.o
 .bss           0x0000000000800164        0x0 obj/grn_UART.o
 .bss           0x0000000000800164        0x0 obj/grn_TWI.o
 .bss           0x0000000000800164        0x4 obj/DPS310.o
                0x0000000000800164                C1
                0x0000000000800166                C0
 .bss           0x0000000000800168        0x0 /usr/lib/gcc/avr/7.3.0/../../../../avr/lib/avr5/libm.a(addsf3.o)
 .bss           0x0000000000800168        0x0 /usr/lib/gcc/avr/7.3.0/../../../../avr/lib/avr5/libm.a(addsf3x.o)
 .bss           0x0000000000800168        0x0 /usr/lib/gcc/avr/7.3.0/../../../../avr/lib/avr5/libm.a(fixsfsi.o)
 .bss           0x0000000000800168        0x0 /usr/lib/gcc/avr/7.3.0/../../../../avr/lib/avr5/libm.a(fixunssfsi.o)
 .bss           0x0000000000800168        0x0 /usr/lib/gcc/avr/7.3.0/../../../../avr/lib/avr5/libm.a(floatsisf.o)
 .bss           0x0000000000800168        0x0 /usr/lib/gcc/avr/7.3.0/../../../../avr/lib/avr5/libm.a(fp_inf.o)
 .bss           0x0000000000800168        0x0 /usr/lib/gcc/avr/7.3.0/../../../../avr/lib/avr5/libm.a(fp_nan.o)
 .bss           0x0000000000800168        0x0 /usr/lib/gcc/avr/7.3.0/../../../../avr/lib/avr5/libm.a(fp_pscA.o)
 .bss           0x0000000000800168        0x0 /usr/lib/gcc/avr/7.3.0/../../../../avr/lib/avr5/libm.a(fp_pscB.o)
 .bss           0x0000000000800168        0x0 /usr/lib/gcc/avr/7.3.0/../../../../avr/lib/avr5/libm.a(fp_round.o)
 .bss           0x0000000000800168        0x0 /usr/lib/gcc/avr/7.3.0/../../../../avr/lib/avr5/libm.a(fp_split3.o)
 .bss           0x0000000000800168        0x0 /usr/lib/gcc/avr/7.3.0/../../../../avr/lib/avr5/libm.a(fp_zero.o)
 .bss           0x0000000000800168        0x0 /usr/lib/gcc/avr/7.3.0/../../../../avr/lib/avr5/libm.a(mulsf3.o)
 .bss           0x0000000000800168        0x0 /usr/lib/gcc/avr/7.3.0/../../../../avr/lib/avr5/libm.a(mulsf3x.o)
 .bss           0x0000000000800168        0x0 /usr/lib/gcc/avr/7.3.0/avr5/libgcc.a(_divmodsi4.o)
 .bss           0x0000000000800168        0x0 /usr/lib/gcc/avr/7.3.0/avr5/libgcc.a(_negsi2.o)
 .bss           0x0000000000800168        0x0 /usr/lib/gcc/avr/7.3.0/avr5/libgcc.a(_exit.o)
 .bss           0x0000000000800168        0x0 /usr/lib/gcc/avr/7.3.0/avr5/libgcc.a(_copy_data.o)
 .bss           0x0000000000800168        0x0 /usr/lib/gcc/avr/7.3.0/avr5/libgcc.a(_clear_bss.o)
 .bss           0x0000000000800168        0x0 /usr/lib/gcc/avr/7.3.0/avr5/libgcc.a(_muluhisi3.o)
 .bss           0x0000000000800168        0x0 /usr/lib/gcc/avr/7.3.0/avr5/libgcc.a(_udivmodsi4.o)
 .bss           0x0000000000800168        0x0 /usr/lib/gcc/avr/7.3.0/avr5/libgcc.a(_umulhisi3.o)
 .bss           0x0000000000800168        0x0 /usr/lib/gcc/avr/7.3.0/../../../../avr/lib/avr5/libc.a(itoa_ncheck.o)
 .bss           0x0000000000800168        0x0 /usr/lib/gcc/avr/7.3.0/../../../../avr/lib/avr5/libc.a(utoa_ncheck.o)
 .bss           0x0000000000800168        0x0 /usr/lib/gcc/avr/7.3.0/../../../../avr/lib/avr5/libc.a(iob.o)
 .bss           0x0000000000800168        0x0 /usr/lib/gcc/avr/7.3.0/../../../../avr/lib/avr5/libc.a(printf.o)
 .bss           0x0000000000800168        0x0 /usr/lib/gcc/avr/7.3.0/../../../../avr/lib/avr5/libc.a(puts.o)
 .bss           0x0000000000800168        0x0 /usr/lib/gcc/avr/7.3.0/../../../../avr/lib/avr5/libc.a(vfprintf_std.o)
 .bss           0x0000000000800168        0x0 /usr/lib/gcc/avr/7.3.0/../../../../avr/lib/avr5/libc.a(strnlen_P.o)
 .bss           0x0000000000800168        0x0 /usr/lib/gcc/avr/7.3.0/../../../../avr/lib/avr5/libc.a(strnlen.o)
 .bss           0x0000000000800168        0x0 /usr/lib/gcc/avr/7.3.0/../../../../avr/lib/avr5/libc.a(strrev.o)
 .bss           0x0000000000800168        0x0 /usr/lib/gcc/avr/7.3.0/../../../../avr/lib/avr5/libc.a(fputc.o)
 .bss           0x0000000000800168        0x0 /usr/lib/gcc/avr/7.3.0/../../../../avr/lib/avr5/libc.a(ultoa_invert.o)
 .bss           0x0000000000800168        0x0 /usr/lib/gcc/avr/7.3.0/avr5/libgcc.a(_prologue.o)
 .bss           0x0000000000800168        0x0 /usr/lib/gcc/avr/7.3.0/avr5/libgcc.a(_epilogue.o)
 *(.bss*)
 *(COMMON)
 COMMON         0x0000000000800168        0xa obj/main.o
                0x0000000000800168                xx
                0x000000000080016a                COLOR
                0x000000000080016c                color
                0x000000000080016e                yy
                0x0000000000800170                zell
 COMMON         0x0000000000800172       0x19 obj/ili9341gfx.o
                0x0000000000800172                textbgcolour
                0x0000000000800174                cursor_y
                0x0000000000800176                iactualx
                0x0000000000800178                iactualy
                0x000000000080017a                vactualx
                0x000000000080017c                isetx
                0x000000000080017e                vsety
                0x0000000000800180                vsetx
                0x0000000000800182                vactualy
                0x0000000000800184                textcolour
                0x0000000000800186                cursor_x
                0x0000000000800188                textsize
                0x0000000000800189                isety
 COMMON         0x000000000080018b        0x6 /usr/lib/gcc/avr/7.3.0/../../../../avr/lib/avr5/libc.a(iob.o)
                0x000000000080018b                __iob
                0x0000000000800191                PROVIDE (__bss_end = .)
                0x0000000000004dda                __data_load_start = LOADADDR (.data)
                0x0000000000004e3e                __data_load_end = (__data_load_start + SIZEOF (.data))

.noinit         0x0000000000800191        0x0
                [!provide]                        PROVIDE (__noinit_start = .)
 *(.noinit*)
                [!provide]                        PROVIDE (__noinit_end = .)
                0x0000000000800191                _end = .
                [!provide]                        PROVIDE (__heap_start = .)

.eeprom         0x0000000000810000        0x0
 *(.eeprom*)
                0x0000000000810000                __eeprom_end = .

.fuse
 *(.fuse)
 *(.lfuse)
 *(.hfuse)
 *(.efuse)

.lock
 *(.lock*)

.signature
 *(.signature*)

.stab
 *(.stab)

.stabstr
 *(.stabstr)

.stab.excl
 *(.stab.excl)

.stab.exclstr
 *(.stab.exclstr)

.stab.index
 *(.stab.index)

.stab.indexstr
 *(.stab.indexstr)

.comment        0x0000000000000000       0x22
 *(.comment)
 .comment       0x0000000000000000       0x11 obj/main.o
                                         0x12 (size before relaxing)
 .comment       0x0000000000000011       0x12 obj/ili9341.o
 .comment       0x0000000000000011       0x12 obj/ili9341gfx.o
 .comment       0x0000000000000011       0x12 obj/grn_UART.o
 .comment       0x0000000000000011       0x12 obj/grn_TWI.o
 .comment       0x0000000000000011       0x12 obj/DPS310.o
 .comment       0x0000000000000011       0x11 /usr/lib/gcc/avr/7.3.0/../../../../avr/lib/avr5/libc.a(iob.o)
                                         0x12 (size before relaxing)
 .comment       0x0000000000000022       0x12 /usr/lib/gcc/avr/7.3.0/../../../../avr/lib/avr5/libc.a(printf.o)
 .comment       0x0000000000000022       0x12 /usr/lib/gcc/avr/7.3.0/../../../../avr/lib/avr5/libc.a(puts.o)
 .comment       0x0000000000000022       0x12 /usr/lib/gcc/avr/7.3.0/../../../../avr/lib/avr5/libc.a(vfprintf_std.o)
 .comment       0x0000000000000022       0x12 /usr/lib/gcc/avr/7.3.0/../../../../avr/lib/avr5/libc.a(fputc.o)

.note.gnu.avr.deviceinfo
                0x0000000000000000       0x40
 .note.gnu.avr.deviceinfo
                0x0000000000000000       0x40 /usr/lib/gcc/avr/7.3.0/../../../../avr/lib/avr5/crtatmega328p.o

.note.gnu.build-id
 *(.note.gnu.build-id)

.debug
 *(.debug)

.line
 *(.line)

.debug_srcinfo
 *(.debug_srcinfo)

.debug_sfnames
 *(.debug_sfnames)

.debug_aranges  0x0000000000000000       0xc0
 *(.debug_aranges)
 .debug_aranges
                0x0000000000000000       0x20 obj/main.o
 .debug_aranges
                0x0000000000000020       0x20 obj/ili9341.o
 .debug_aranges
                0x0000000000000040       0x20 obj/ili9341gfx.o
 .debug_aranges
                0x0000000000000060       0x20 obj/grn_UART.o
 .debug_aranges
                0x0000000000000080       0x20 obj/grn_TWI.o
 .debug_aranges
                0x00000000000000a0       0x20 obj/DPS310.o

.debug_pubnames
 *(.debug_pubnames)

.debug_info     0x0000000000000000     0x586e
 *(.debug_info .gnu.linkonce.wi.*)
 .debug_info    0x0000000000000000      0x5f4 /usr/lib/gcc/avr/7.3.0/../../../../avr/lib/avr5/crtatmega328p.o
 .debug_info    0x00000000000005f4      0xbd2 obj/main.o
 .debug_info    0x00000000000011c6     0x21e9 obj/ili9341.o
 .debug_info    0x00000000000033af     0x127d obj/ili9341gfx.o
 .debug_info    0x000000000000462c      0x459 obj/grn_UART.o
 .debug_info    0x0000000000004a85      0x218 obj/grn_TWI.o
 .debug_info    0x0000000000004c9d      0xbd1 obj/DPS310.o

.debug_abbrev   0x0000000000000000     0x12b7
 *(.debug_abbrev)
 .debug_abbrev  0x0000000000000000      0x5a2 /usr/lib/gcc/avr/7.3.0/../../../../avr/lib/avr5/crtatmega328p.o
 .debug_abbrev  0x00000000000005a2      0x204 obj/main.o
 .debug_abbrev  0x00000000000007a6      0x2ad obj/ili9341.o
 .debug_abbrev  0x0000000000000a53      0x2eb obj/ili9341gfx.o
 .debug_abbrev  0x0000000000000d3e      0x1d4 obj/grn_UART.o
 .debug_abbrev  0x0000000000000f12      0x149 obj/grn_TWI.o
 .debug_abbrev  0x000000000000105b      0x25c obj/DPS310.o

.debug_line     0x0000000000000000     0x1892
 *(.debug_line .debug_line.* .debug_line_end)
 .debug_line    0x0000000000000000       0x1d /usr/lib/gcc/avr/7.3.0/../../../../avr/lib/avr5/crtatmega328p.o
 .debug_line    0x000000000000001d      0x385 obj/main.o
 .debug_line    0x00000000000003a2      0xa0a obj/ili9341.o
 .debug_line    0x0000000000000dac      0x55b obj/ili9341gfx.o
 .debug_line    0x0000000000001307      0x102 obj/grn_UART.o
 .debug_line    0x0000000000001409      0x126 obj/grn_TWI.o
 .debug_line    0x000000000000152f      0x363 obj/DPS310.o

.debug_frame    0x0000000000000000      0xad8
 *(.debug_frame)
 .debug_frame   0x0000000000000000       0x24 obj/main.o
 .debug_frame   0x0000000000000024      0x704 obj/ili9341.o
 .debug_frame   0x0000000000000728      0x1c4 obj/ili9341gfx.o
 .debug_frame   0x00000000000008ec       0x88 obj/grn_UART.o
 .debug_frame   0x0000000000000974       0x84 obj/grn_TWI.o
 .debug_frame   0x00000000000009f8       0xe0 obj/DPS310.o

.debug_str      0x0000000000000000      0x9d2
 *(.debug_str)
 .debug_str     0x0000000000000000      0x208 /usr/lib/gcc/avr/7.3.0/../../../../avr/lib/avr5/crtatmega328p.o
 .debug_str     0x0000000000000208      0x255 obj/main.o
                                        0x293 (size before relaxing)
 .debug_str     0x000000000000045d      0x27a obj/ili9341.o
                                        0x454 (size before relaxing)
 .debug_str     0x00000000000006d7       0xce obj/ili9341gfx.o
                                        0x389 (size before relaxing)
 .debug_str     0x00000000000007a5       0xca obj/grn_UART.o
                                        0x237 (size before relaxing)
 .debug_str     0x000000000000086f       0x57 obj/grn_TWI.o
                                        0x1b8 (size before relaxing)
 .debug_str     0x00000000000008c6      0x10c obj/DPS310.o
                                        0x2e0 (size before relaxing)

.debug_loc      0x0000000000000000     0x56f1
 *(.debug_loc)
 .debug_loc     0x0000000000000000      0x766 obj/main.o
 .debug_loc     0x0000000000000766     0x2e21 obj/ili9341.o
 .debug_loc     0x0000000000003587     0x1229 obj/ili9341gfx.o
 .debug_loc     0x00000000000047b0      0x1f7 obj/grn_UART.o
 .debug_loc     0x00000000000049a7       0x50 obj/grn_TWI.o
 .debug_loc     0x00000000000049f7      0xcfa obj/DPS310.o

.debug_macinfo
 *(.debug_macinfo)

.debug_weaknames
 *(.debug_weaknames)

.debug_funcnames
 *(.debug_funcnames)

.debug_typenames
 *(.debug_typenames)

.debug_varnames
 *(.debug_varnames)

.debug_pubtypes
 *(.debug_pubtypes)

.debug_ranges   0x0000000000000000       0xf8
 *(.debug_ranges)
 .debug_ranges  0x0000000000000000       0x10 obj/main.o
 .debug_ranges  0x0000000000000010       0x48 obj/ili9341.o
 .debug_ranges  0x0000000000000058       0x88 obj/ili9341gfx.o
 .debug_ranges  0x00000000000000e0       0x18 obj/DPS310.o

.debug_macro
 *(.debug_macro)

.debug_addr
 *(.debug_addr)
OUTPUT(main.elf elf32-avr)
LOAD linker stubs

Querverweistabelle

Symbol                                            Datei
C0                                                obj/DPS310.o
C1                                                obj/DPS310.o
COLOR                                             obj/main.o
DPS310_get_komp_temp                              obj/DPS310.o
DPS310_get_raw_pres                               obj/DPS310.o
DPS310_get_raw_temp                               obj/DPS310.o
DPS310_init                                       obj/DPS310.o
DPS310_read_8                                     obj/DPS310.o
DPS310_write                                      obj/DPS310.o
LCD_H                                             obj/ili9341.o
                                                  obj/ili9341gfx.o
LCD_W                                             obj/ili9341.o
                                                  obj/ili9341gfx.o
TWIGetStatus                                      obj/grn_TWI.o
                                                  obj/DPS310.o
TWIInit                                           obj/grn_TWI.o
TWIReadACK                                        obj/grn_TWI.o
TWIReadNACK                                       obj/grn_TWI.o
                                                  obj/DPS310.o
TWIStart                                          obj/grn_TWI.o
                                                  obj/DPS310.o
TWIStop                                           obj/grn_TWI.o
                                                  obj/DPS310.o
TWIWrite                                          obj/grn_TWI.o
                                                  obj/DPS310.o
__addsf3                                          /usr/lib/gcc/avr/7.3.0/../../../../avr/lib/avr5/libm.a(addsf3.o)
                                                  obj/DPS310.o
__addsf3x                                         /usr/lib/gcc/avr/7.3.0/../../../../avr/lib/avr5/libm.a(addsf3x.o)
                                                  /usr/lib/gcc/avr/7.3.0/../../../../avr/lib/avr5/libm.a(addsf3.o)
__bad_interrupt                                   /usr/lib/gcc/avr/7.3.0/../../../../avr/lib/avr5/crtatmega328p.o
__bss_end                                         /usr/lib/gcc/avr/7.3.0/avr5/libgcc.a(_clear_bss.o)
__bss_start                                       /usr/lib/gcc/avr/7.3.0/avr5/libgcc.a(_clear_bss.o)
__data_end                                        /usr/lib/gcc/avr/7.3.0/avr5/libgcc.a(_copy_data.o)
__data_load_start                                 /usr/lib/gcc/avr/7.3.0/avr5/libgcc.a(_copy_data.o)
__data_start                                      /usr/lib/gcc/avr/7.3.0/avr5/libgcc.a(_copy_data.o)
__divmodsi4                                       /usr/lib/gcc/avr/7.3.0/avr5/libgcc.a(_divmodsi4.o)
                                                  obj/DPS310.o
__do_clear_bss                                    /usr/lib/gcc/avr/7.3.0/avr5/libgcc.a(_clear_bss.o)
                                                  /usr/lib/gcc/avr/7.3.0/../../../../avr/lib/avr5/libc.a(iob.o)
                                                  obj/DPS310.o
                                                  obj/ili9341gfx.o
                                                  obj/main.o
__do_copy_data                                    /usr/lib/gcc/avr/7.3.0/avr5/libgcc.a(_copy_data.o)
                                                  obj/ili9341gfx.o
                                                  obj/ili9341.o
                                                  obj/main.o
__epilogue_restores__                             /usr/lib/gcc/avr/7.3.0/avr5/libgcc.a(_epilogue.o)
                                                  /usr/lib/gcc/avr/7.3.0/../../../../avr/lib/avr5/libc.a(vfprintf_std.o)
                                                  /usr/lib/gcc/avr/7.3.0/../../../../avr/lib/avr5/libc.a(printf.o)
__fixsfsi                                         /usr/lib/gcc/avr/7.3.0/../../../../avr/lib/avr5/libm.a(fixsfsi.o)
                                                  obj/DPS310.o
__fixunssfsi                                      /usr/lib/gcc/avr/7.3.0/../../../../avr/lib/avr5/libm.a(fixunssfsi.o)
                                                  /usr/lib/gcc/avr/7.3.0/../../../../avr/lib/avr5/libm.a(fixsfsi.o)
__floatsisf                                       /usr/lib/gcc/avr/7.3.0/../../../../avr/lib/avr5/libm.a(floatsisf.o)
                                                  obj/DPS310.o
__floatunsisf                                     /usr/lib/gcc/avr/7.3.0/../../../../avr/lib/avr5/libm.a(floatsisf.o)
                                                  obj/DPS310.o
__fp_inf                                          /usr/lib/gcc/avr/7.3.0/../../../../avr/lib/avr5/libm.a(fp_inf.o)
                                                  /usr/lib/gcc/avr/7.3.0/../../../../avr/lib/avr5/libm.a(mulsf3x.o)
                                                  /usr/lib/gcc/avr/7.3.0/../../../../avr/lib/avr5/libm.a(addsf3x.o)
__fp_nan                                          /usr/lib/gcc/avr/7.3.0/../../../../avr/lib/avr5/libm.a(fp_nan.o)
                                                  /usr/lib/gcc/avr/7.3.0/../../../../avr/lib/avr5/libm.a(mulsf3x.o)
                                                  /usr/lib/gcc/avr/7.3.0/../../../../avr/lib/avr5/libm.a(addsf3x.o)
__fp_pscA                                         /usr/lib/gcc/avr/7.3.0/../../../../avr/lib/avr5/libm.a(fp_pscA.o)
                                                  /usr/lib/gcc/avr/7.3.0/../../../../avr/lib/avr5/libm.a(mulsf3x.o)
                                                  /usr/lib/gcc/avr/7.3.0/../../../../avr/lib/avr5/libm.a(addsf3x.o)
__fp_pscB                                         /usr/lib/gcc/avr/7.3.0/../../../../avr/lib/avr5/libm.a(fp_pscB.o)
                                                  /usr/lib/gcc/avr/7.3.0/../../../../avr/lib/avr5/libm.a(mulsf3x.o)
                                                  /usr/lib/gcc/avr/7.3.0/../../../../avr/lib/avr5/libm.a(addsf3x.o)
__fp_round                                        /usr/lib/gcc/avr/7.3.0/../../../../avr/lib/avr5/libm.a(fp_round.o)
                                                  /usr/lib/gcc/avr/7.3.0/../../../../avr/lib/avr5/libm.a(mulsf3.o)
                                                  /usr/lib/gcc/avr/7.3.0/../../../../avr/lib/avr5/libm.a(addsf3.o)
__fp_split3                                       /usr/lib/gcc/avr/7.3.0/../../../../avr/lib/avr5/libm.a(fp_split3.o)
                                                  /usr/lib/gcc/avr/7.3.0/../../../../avr/lib/avr5/libm.a(mulsf3x.o)
                                                  /usr/lib/gcc/avr/7.3.0/../../../../avr/lib/avr5/libm.a(addsf3x.o)
__fp_splitA                                       /usr/lib/gcc/avr/7.3.0/../../../../avr/lib/avr5/libm.a(fp_split3.o)
                                                  /usr/lib/gcc/avr/7.3.0/../../../../avr/lib/avr5/libm.a(fixunssfsi.o)
__fp_szero                                        /usr/lib/gcc/avr/7.3.0/../../../../avr/lib/avr5/libm.a(fp_zero.o)
                                                  /usr/lib/gcc/avr/7.3.0/../../../../avr/lib/avr5/libm.a(mulsf3x.o)
                                                  /usr/lib/gcc/avr/7.3.0/../../../../avr/lib/avr5/libm.a(fixsfsi.o)
__fp_zero                                         /usr/lib/gcc/avr/7.3.0/../../../../avr/lib/avr5/libm.a(fp_zero.o)
                                                  /usr/lib/gcc/avr/7.3.0/../../../../avr/lib/avr5/libm.a(fixunssfsi.o)
                                                  /usr/lib/gcc/avr/7.3.0/../../../../avr/lib/avr5/libm.a(addsf3x.o)
__heap_end                                        /usr/lib/gcc/avr/7.3.0/../../../../avr/lib/avr5/crtatmega328p.o
__init                                            /usr/lib/gcc/avr/7.3.0/../../../../avr/lib/avr5/crtatmega328p.o
__iob                                             /usr/lib/gcc/avr/7.3.0/../../../../avr/lib/avr5/libc.a(iob.o)
                                                  /usr/lib/gcc/avr/7.3.0/../../../../avr/lib/avr5/libc.a(puts.o)
                                                  /usr/lib/gcc/avr/7.3.0/../../../../avr/lib/avr5/libc.a(printf.o)
                                                  obj/ili9341gfx.o
                                                  obj/main.o
__itoa_ncheck                                     /usr/lib/gcc/avr/7.3.0/../../../../avr/lib/avr5/libc.a(itoa_ncheck.o)
                                                  obj/grn_UART.o
__mulsf3                                          /usr/lib/gcc/avr/7.3.0/../../../../avr/lib/avr5/libm.a(mulsf3.o)
                                                  obj/DPS310.o
__mulsf3_pse                                      /usr/lib/gcc/avr/7.3.0/../../../../avr/lib/avr5/libm.a(mulsf3x.o)
__mulsf3x                                         /usr/lib/gcc/avr/7.3.0/../../../../avr/lib/avr5/libm.a(mulsf3x.o)
                                                  /usr/lib/gcc/avr/7.3.0/../../../../avr/lib/avr5/libm.a(mulsf3.o)
__muluhisi3                                       /usr/lib/gcc/avr/7.3.0/avr5/libgcc.a(_muluhisi3.o)
                                                  obj/DPS310.o
__negsi2                                          /usr/lib/gcc/avr/7.3.0/avr5/libgcc.a(_negsi2.o)
                                                  /usr/lib/gcc/avr/7.3.0/avr5/libgcc.a(_divmodsi4.o)
__prologue_saves__                                /usr/lib/gcc/avr/7.3.0/avr5/libgcc.a(_prologue.o)
                                                  /usr/lib/gcc/avr/7.3.0/../../../../avr/lib/avr5/libc.a(vfprintf_std.o)
                                                  /usr/lib/gcc/avr/7.3.0/../../../../avr/lib/avr5/libc.a(printf.o)
__stack                                           /usr/lib/gcc/avr/7.3.0/../../../../avr/lib/avr5/crtatmega328p.o
__subsf3                                          /usr/lib/gcc/avr/7.3.0/../../../../avr/lib/avr5/libm.a(addsf3.o)
__udivmodsi4                                      /usr/lib/gcc/avr/7.3.0/avr5/libgcc.a(_udivmodsi4.o)
                                                  /usr/lib/gcc/avr/7.3.0/avr5/libgcc.a(_divmodsi4.o)
__ultoa_invert                                    /usr/lib/gcc/avr/7.3.0/../../../../avr/lib/avr5/libc.a(ultoa_invert.o)
                                                  /usr/lib/gcc/avr/7.3.0/../../../../avr/lib/avr5/libc.a(vfprintf_std.o)
__umulhisi3                                       /usr/lib/gcc/avr/7.3.0/avr5/libgcc.a(_umulhisi3.o)
                                                  /usr/lib/gcc/avr/7.3.0/avr5/libgcc.a(_muluhisi3.o)
__utoa_common                                     /usr/lib/gcc/avr/7.3.0/../../../../avr/lib/avr5/libc.a(utoa_ncheck.o)
                                                  /usr/lib/gcc/avr/7.3.0/../../../../avr/lib/avr5/libc.a(itoa_ncheck.o)
__utoa_ncheck                                     /usr/lib/gcc/avr/7.3.0/../../../../avr/lib/avr5/libc.a(utoa_ncheck.o)
                                                  obj/grn_UART.o
__vector_1                                        /usr/lib/gcc/avr/7.3.0/../../../../avr/lib/avr5/crtatmega328p.o
__vector_10                                       /usr/lib/gcc/avr/7.3.0/../../../../avr/lib/avr5/crtatmega328p.o
__vector_11                                       /usr/lib/gcc/avr/7.3.0/../../../../avr/lib/avr5/crtatmega328p.o
__vector_12                                       /usr/lib/gcc/avr/7.3.0/../../../../avr/lib/avr5/crtatmega328p.o
__vector_13                                       /usr/lib/gcc/avr/7.3.0/../../../../avr/lib/avr5/crtatmega328p.o
__vector_14                                       /usr/lib/gcc/avr/7.3.0/../../../../avr/lib/avr5/crtatmega328p.o
__vector_15                                       /usr/lib/gcc/avr/7.3.0/../../../../avr/lib/avr5/crtatmega328p.o
__vector_16                                       /usr/lib/gcc/avr/7.3.0/../../../../avr/lib/avr5/crtatmega328p.o
__vector_17                                       /usr/lib/gcc/avr/7.3.0/../../../../avr/lib/avr5/crtatmega328p.o
__vector_18                                       /usr/lib/gcc/avr/7.3.0/../../../../avr/lib/avr5/crtatmega328p.o
__vector_19                                       /usr/lib/gcc/avr/7.3.0/../../../../avr/lib/avr5/crtatmega328p.o
__vector_2                                        /usr/lib/gcc/avr/7.3.0/../../../../avr/lib/avr5/crtatmega328p.o
__vector_20                                       /usr/lib/gcc/avr/7.3.0/../../../../avr/lib/avr5/crtatmega328p.o
__vector_21                                       /usr/lib/gcc/avr/7.3.0/../../../../avr/lib/avr5/crtatmega328p.o
__vector_22                                       /usr/lib/gcc/avr/7.3.0/../../../../avr/lib/avr5/crtatmega328p.o
__vector_23                                       /usr/lib/gcc/avr/7.3.0/../../../../avr/lib/avr5/crtatmega328p.o
__vector_24                                       /usr/lib/gcc/avr/7.3.0/../../../../avr/lib/avr5/crtatmega328p.o
__vector_25                                       /usr/lib/gcc/avr/7.3.0/../../../../avr/lib/avr5/crtatmega328p.o
__vector_3                                        /usr/lib/gcc/avr/7.3.0/../../../../avr/lib/avr5/crtatmega328p.o
__vector_4                                        /usr/lib/gcc/avr/7.3.0/../../../../avr/lib/avr5/crtatmega328p.o
__vector_5                                        /usr/lib/gcc/avr/7.3.0/../../../../avr/lib/avr5/crtatmega328p.o
__vector_6                                        /usr/lib/gcc/avr/7.3.0/../../../../avr/lib/avr5/crtatmega328p.o
__vector_7                                        /usr/lib/gcc/avr/7.3.0/../../../../avr/lib/avr5/crtatmega328p.o
__vector_8                                        /usr/lib/gcc/avr/7.3.0/../../../../avr/lib/avr5/crtatmega328p.o
__vector_9                                        /usr/lib/gcc/avr/7.3.0/../../../../avr/lib/avr5/crtatmega328p.o
__vector_default                                  /usr/lib/gcc/avr/7.3.0/../../../../avr/lib/avr5/crtatmega328p.o
__vectors                                         /usr/lib/gcc/avr/7.3.0/../../../../avr/lib/avr5/crtatmega328p.o
_exit                                             /usr/lib/gcc/avr/7.3.0/avr5/libgcc.a(_exit.o)
_height                                           obj/ili9341.o
_width                                            obj/ili9341.o
backuplocationiactual                             obj/ili9341gfx.o
backuplocationiset                                obj/ili9341gfx.o
backuplocationvactual                             obj/ili9341gfx.o
backuplocationvset                                obj/ili9341gfx.o
bitmap                                            obj/main.o
calculate_temperature_pressure                    obj/DPS310.o
color                                             obj/main.o
cursor_x                                          obj/ili9341gfx.o
cursor_y                                          obj/ili9341gfx.o
display_init                                      obj/ili9341gfx.o
exit                                              /usr/lib/gcc/avr/7.3.0/avr5/libgcc.a(_exit.o)
                                                  /usr/lib/gcc/avr/7.3.0/../../../../avr/lib/avr5/crtatmega328p.o
fputc                                             /usr/lib/gcc/avr/7.3.0/../../../../avr/lib/avr5/libc.a(fputc.o)
                                                  /usr/lib/gcc/avr/7.3.0/../../../../avr/lib/avr5/libc.a(vfprintf_std.o)
iactualx                                          obj/ili9341gfx.o
iactualy                                          obj/ili9341gfx.o
ili9341_clear                                     obj/ili9341.o
                                                  obj/main.o
ili9341_drawBitmap                                obj/ili9341.o
ili9341_drawCircle                                obj/ili9341.o
ili9341_drawCircleHelper                          obj/ili9341.o
ili9341_drawFastHLine                             obj/ili9341.o
ili9341_drawFastVLine                             obj/ili9341.o
ili9341_drawLine                                  obj/ili9341.o
ili9341_drawRect                                  obj/ili9341.o
ili9341_drawRoundRect                             obj/ili9341.o
ili9341_drawXBitmap                               obj/ili9341.o
ili9341_drawchar                                  obj/ili9341gfx.o
ili9341_drawhline                                 obj/ili9341.o
ili9341_drawpixel                                 obj/ili9341.o
                                                  obj/ili9341gfx.o
ili9341_drawvline                                 obj/ili9341.o
ili9341_fillCircle                                obj/ili9341.o
ili9341_fillCircleHelper                          obj/ili9341.o
ili9341_fillRect                                  obj/ili9341.o
ili9341_fillRoundRect                             obj/ili9341.o
ili9341_fillrect                                  obj/ili9341.o
                                                  obj/ili9341gfx.o
ili9341_hard_init                                 obj/ili9341.o
ili9341_hard_reset                                obj/ili9341.o
ili9341_init                                      obj/ili9341.o
                                                  obj/main.o
ili9341_pushcolour                                obj/ili9341.o
ili9341_putchar_printf                            obj/ili9341gfx.o
                                                  obj/main.o
ili9341_setRotation                               obj/ili9341.o
                                                  obj/main.o
ili9341_setaddress                                obj/ili9341.o
ili9341_setcursor                                 obj/ili9341gfx.o
                                                  obj/main.o
ili9341_settextcolour                             obj/ili9341gfx.o
                                                  obj/main.o
ili9341_settextsize                               obj/ili9341gfx.o
                                                  obj/main.o
ili9341_spi_init                                  obj/ili9341.o
ili9341_spi_send                                  obj/ili9341.o
ili9341_write                                     obj/ili9341gfx.o
                                                  obj/main.o
ili9341_writecommand8                             obj/ili9341.o
ili9341_writedata8                                obj/ili9341.o
isetx                                             obj/ili9341gfx.o
isety                                             obj/ili9341gfx.o
main                                              obj/main.o
                                                  /usr/lib/gcc/avr/7.3.0/../../../../avr/lib/avr5/crtatmega328p.o
make_signed_16                                    obj/DPS310.o
printf                                            /usr/lib/gcc/avr/7.3.0/../../../../avr/lib/avr5/libc.a(printf.o)
                                                  obj/ili9341gfx.o
puts                                              /usr/lib/gcc/avr/7.3.0/../../../../avr/lib/avr5/libc.a(puts.o)
                                                  obj/ili9341gfx.o
strnlen                                           /usr/lib/gcc/avr/7.3.0/../../../../avr/lib/avr5/libc.a(strnlen.o)
                                                  /usr/lib/gcc/avr/7.3.0/../../../../avr/lib/avr5/libc.a(vfprintf_std.o)
strnlen_P                                         /usr/lib/gcc/avr/7.3.0/../../../../avr/lib/avr5/libc.a(strnlen_P.o)
                                                  /usr/lib/gcc/avr/7.3.0/../../../../avr/lib/avr5/libc.a(vfprintf_std.o)
strrev                                            /usr/lib/gcc/avr/7.3.0/../../../../avr/lib/avr5/libc.a(strrev.o)
                                                  /usr/lib/gcc/avr/7.3.0/../../../../avr/lib/avr5/libc.a(utoa_ncheck.o)
textbgcolour                                      obj/ili9341gfx.o
textcolour                                        obj/ili9341gfx.o
textsize                                          obj/ili9341gfx.o
uart_send_char                                    obj/grn_UART.o
uart_send_string                                  obj/grn_UART.o
uart_send_u16data                                 obj/grn_UART.o
uart_send_u8data                                  obj/grn_UART.o
vactualx                                          obj/ili9341gfx.o
                                                  obj/main.o
vactualy                                          obj/ili9341gfx.o
                                                  obj/main.o
vfprintf                                          /usr/lib/gcc/avr/7.3.0/../../../../avr/lib/avr5/libc.a(vfprintf_std.o)
                                                  /usr/lib/gcc/avr/7.3.0/../../../../avr/lib/avr5/libc.a(printf.o)
vsetx                                             obj/ili9341gfx.o
                                                  obj/main.o
vsety                                             obj/ili9341gfx.o
                                                  obj/main.o
xx                                                obj/main.o
yy                                                obj/main.o
zell                                              obj/main.o
